
 RUN  v4.1.2 C:/Users/alexl/OneDrive/Documents/Projects/Web/dream-go-studio/server

stdout | tests/auth.test.js
[dotenv@17.3.1] injecting env (8) from .env -- tip: ΓÜÖ∩╕Å  write to custom object with { processEnv: myObject }

 Γ¥» tests/auth.test.js (5 tests | 5 failed) 6ms
       ├ù should return 200 and user data for valid credentials 3ms
       ├ù should return 401 for invalid credentials 0ms
       ├ù should return 403 for inactive account 0ms
       ├ù should return 200 and new user data on successful registration 0ms
       ├ù should return 400 if username or mobile already exists 0ms
stdout | tests/bookings.test.js
[dotenv@17.3.1] injecting env (8) from .env -- tip: ≡ƒ¢í∩╕Å auth for agents: https://vestauth.com

 Γ¥» tests/bookings.test.js (4 tests | 4 failed) 7ms
       ├ù should return 200 and all bookings 4ms
       ├ù should return 200 and bookingId on success 1ms
       ├ù should return 500 if database query fails 0ms
       ├ù should return 200 and success true when updating a booking 0ms
node.exe : 
At line:1 char:1
+ & "C:\Program 
Files\nodejs/node.exe" 
"C:\Program 
Files\nodejs/node_mo ...
+ ~~~~~~~~~~~~~~~~~~~~~~~~~
~~~~~~~~~~~~~~~~~~~~~~~~~~~
~~~~~~~~~~~~~~~~~
    + CategoryInfo         
     : NotSpecified: (:St  
  ring) [], RemoteExcept   
 ion
    + FullyQualifiedErrorI 
   d : NativeCommandError
 
ΓÄ»ΓÄ»ΓÄ»ΓÄ»ΓÄ»ΓÄ»ΓÄ» 
Failed Tests 9 
ΓÄ»ΓÄ»ΓÄ»ΓÄ»ΓÄ»ΓÄ»ΓÄ»

 FAIL  tests/auth.test.js 
> Auth API > POST 
/api/auth/login > should 
return 200 and user data 
for valid credentials
TypeError: pool.query.mockR
esolvedValueOnce is not a 
function
 Γ¥» 
tests/auth.test.js:30:18
     28|     it('should 
return 200 and user data 
for valid credentials', 
async ΓÇª
     29|       const 
mockUser = { id: 1, name: 
'Test User', username: 
'testuserΓÇª
     30|       pool.query.m
ockResolvedValueOnce({ 
rows: [mockUser] });
       |                  ^
     31|
     32|       const 
response = await 
request(app)

ΓÄ»ΓÄ»ΓÄ»ΓÄ»ΓÄ»ΓÄ»ΓÄ»ΓÄ»ΓÄ»
ΓÄ»ΓÄ»ΓÄ»ΓÄ»ΓÄ»ΓÄ»ΓÄ»ΓÄ»ΓÄ»
ΓÄ»ΓÄ»ΓÄ»ΓÄ»ΓÄ»ΓÄ»[1/9]ΓÄ»

 FAIL  tests/auth.test.js 
> Auth API > POST 
/api/auth/login > should 
return 401 for invalid 
credentials
TypeError: pool.query.mockR
esolvedValueOnce is not a 
function
 Γ¥» 
tests/auth.test.js:42:18
     40|
     41|     it('should 
return 401 for invalid 
credentials', async () => {
     42|       pool.query.m
ockResolvedValueOnce({ 
rows: [] });
       |                  ^
     43|
     44|       const 
response = await 
request(app)

ΓÄ»ΓÄ»ΓÄ»ΓÄ»ΓÄ»ΓÄ»ΓÄ»ΓÄ»ΓÄ»
ΓÄ»ΓÄ»ΓÄ»ΓÄ»ΓÄ»ΓÄ»ΓÄ»ΓÄ»ΓÄ»
ΓÄ»ΓÄ»ΓÄ»ΓÄ»ΓÄ»ΓÄ»[2/9]ΓÄ»

 FAIL  tests/auth.test.js 
> Auth API > POST 
/api/auth/login > should 
return 403 for inactive 
account
TypeError: pool.query.mockR
esolvedValueOnce is not a 
function
 Γ¥» 
tests/auth.test.js:55:18
     53|     it('should 
return 403 for inactive 
account', async () => {
     54|       const 
mockUser = { id: 1, name: 
'Test User', username: 
'testuserΓÇª
     55|       pool.query.m
ockResolvedValueOnce({ 
rows: [mockUser] });
       |                  ^
     56|
     57|       const 
response = await 
request(app)

ΓÄ»ΓÄ»ΓÄ»ΓÄ»ΓÄ»ΓÄ»ΓÄ»ΓÄ»ΓÄ»
ΓÄ»ΓÄ»ΓÄ»ΓÄ»ΓÄ»ΓÄ»ΓÄ»ΓÄ»ΓÄ»
ΓÄ»ΓÄ»ΓÄ»ΓÄ»ΓÄ»ΓÄ»[3/9]ΓÄ»

 FAIL  tests/auth.test.js 
> Auth API > POST 
/api/auth/register > 
should return 200 and new 
user data on successful 
registration
TypeError: pool.query.mockR
esolvedValueOnce is not a 
function
 Γ¥» 
tests/auth.test.js:70:10
     68|     it('should 
return 200 and new user 
data on successful 
registrationΓÇª
     69|       pool.query
     70|         
.mockResolvedValueOnce({ 
rows: [] }) // For 
existing check
       |          ^
     71|         
.mockResolvedValueOnce({ 
rows: [{ id: 2 }] }); // 
For insert
     72|

ΓÄ»ΓÄ»ΓÄ»ΓÄ»ΓÄ»ΓÄ»ΓÄ»ΓÄ»ΓÄ»
ΓÄ»ΓÄ»ΓÄ»ΓÄ»ΓÄ»ΓÄ»ΓÄ»ΓÄ»ΓÄ»
ΓÄ»ΓÄ»ΓÄ»ΓÄ»ΓÄ»ΓÄ»[4/9]ΓÄ»

 FAIL  tests/auth.test.js 
> Auth API > POST 
/api/auth/register > 
should return 400 if 
username or mobile already 
exists
TypeError: pool.query.mockR
esolvedValueOnce is not a 
function
 Γ¥» 
tests/auth.test.js:89:18
     87|
     88|     it('should 
return 400 if username or 
mobile already exists', 
asyncΓÇª
     89|       pool.query.m
ockResolvedValueOnce({ 
rows: [{ id: 1 }] });
       |                  ^
     90|
     91|       const 
response = await 
request(app)

ΓÄ»ΓÄ»ΓÄ»ΓÄ»ΓÄ»ΓÄ»ΓÄ»ΓÄ»ΓÄ»
ΓÄ»ΓÄ»ΓÄ»ΓÄ»ΓÄ»ΓÄ»ΓÄ»ΓÄ»ΓÄ»
ΓÄ»ΓÄ»ΓÄ»ΓÄ»ΓÄ»ΓÄ»[5/9]ΓÄ»

 FAIL  
tests/bookings.test.js > 
Bookings API > GET 
/api/bookings > should 
return 200 and all bookings
TypeError: pool.query.mockR
esolvedValueOnce is not a 
function
 Γ¥» tests/bookings.test.js
:33:18
     31|         { id: 2, 
customerName: 'Another 
Customer', packageTitle: 
'PackΓÇª
     32|       ];
     33|       pool.query.m
ockResolvedValueOnce({ 
rows: mockBookings });
       |                  ^
     34|
     35|       const 
response = await request(ap
p).get('/api/bookings');

ΓÄ»ΓÄ»ΓÄ»ΓÄ»ΓÄ»ΓÄ»ΓÄ»ΓÄ»ΓÄ»
ΓÄ»ΓÄ»ΓÄ»ΓÄ»ΓÄ»ΓÄ»ΓÄ»ΓÄ»ΓÄ»
ΓÄ»ΓÄ»ΓÄ»ΓÄ»ΓÄ»ΓÄ»[6/9]ΓÄ»

 FAIL  
tests/bookings.test.js > 
Bookings API > POST 
/api/bookings > should 
return 200 and bookingId 
on success
TypeError: pool.query.mockR
esolvedValueOnce is not a 
function
 Γ¥» tests/bookings.test.js
:47:18
     45|   describe('POST 
/api/bookings', () => {
     46|     it('should 
return 200 and bookingId 
on success', async () => {
     47|       pool.query.m
ockResolvedValueOnce({ 
rows: [{ id: 101 }] });
       |                  ^
     48|
     49|       const 
response = await 
request(app)

ΓÄ»ΓÄ»ΓÄ»ΓÄ»ΓÄ»ΓÄ»ΓÄ»ΓÄ»ΓÄ»
ΓÄ»ΓÄ»ΓÄ»ΓÄ»ΓÄ»ΓÄ»ΓÄ»ΓÄ»ΓÄ»
ΓÄ»ΓÄ»ΓÄ»ΓÄ»ΓÄ»ΓÄ»[7/9]ΓÄ»

 FAIL  
tests/bookings.test.js > 
Bookings API > POST 
/api/bookings > should 
return 500 if database 
query fails
TypeError: pool.query.mockR
ejectedValue is not a 
function
 Γ¥» tests/bookings.test.js
:65:18
     63|
     64|     it('should 
return 500 if database 
query fails', async () => {
     65|       pool.query.m
ockRejectedValue(new 
Error('DB Error'));
       |                  ^
     66|
     67|       const 
response = await 
request(app)

ΓÄ»ΓÄ»ΓÄ»ΓÄ»ΓÄ»ΓÄ»ΓÄ»ΓÄ»ΓÄ»
ΓÄ»ΓÄ»ΓÄ»ΓÄ»ΓÄ»ΓÄ»ΓÄ»ΓÄ»ΓÄ»
ΓÄ»ΓÄ»ΓÄ»ΓÄ»ΓÄ»ΓÄ»[8/9]ΓÄ»

 FAIL  
tests/bookings.test.js > 
Bookings API > PUT 
/api/bookings/:id > should 
return 200 and success 
true when updating a 
booking
TypeError: pool.query.mockR
esolvedValueOnce is not a 
function
 Γ¥» tests/bookings.test.js
:79:18
     77|   describe('PUT 
/api/bookings/:id', () => {
     78|     it('should 
return 200 and success 
true when updating a 
booking', aΓÇª
     79|       pool.query.m
ockResolvedValueOnce({});
       |                  ^
     80|
     81|       const 
response = await 
request(app)

ΓÄ»ΓÄ»ΓÄ»ΓÄ»ΓÄ»ΓÄ»ΓÄ»ΓÄ»ΓÄ»
ΓÄ»ΓÄ»ΓÄ»ΓÄ»ΓÄ»ΓÄ»ΓÄ»ΓÄ»ΓÄ»
ΓÄ»ΓÄ»ΓÄ»ΓÄ»ΓÄ»ΓÄ»[9/9]ΓÄ»


 Test Files  2 failed (2)
      Tests  9 failed (9)
   Start at  00:09:38
   Duration  335ms (transform 53ms, setup 0ms, import 346ms, tests 13ms, environment 0ms)

